<html>
<body>
<pre>
<h1>µVision Build Log</h1>
<h2>Tool Versions:</h2>
IDE-Version: ¦ÌVision V5.17.0.0
Copyright (C) 2015 ARM Ltd and ARM Germany GmbH. All rights reserved.
License Information:  ,  , LIC=BUUSB-2RZI7-GKABG-VSFIA-YTS5R-1J3XX
 
Tool Versions:
Toolchain:       MDK-ARM Standard  Version: 5.17
Toolchain Path:  E:\Keil_v5\ARM\ARMCC\Bin
C Compiler:      Armcc.exe V5.06 update 1 (build 61)
Assembler:       Armasm.exe V5.06 update 1 (build 61)
Linker/Locator:  ArmLink.exe V5.06 update 1 (build 61)
Library Manager: ArmAr.exe V5.06 update 1 (build 61)
Hex Converter:   FromElf.exe V5.06 update 1 (build 61)
CPU DLL:         SARMCM3.DLL V5.17
Dialog DLL:      DARMSTM.DLL V1.65.0.0 
<h2>Project:</h2>
C:\Users\lenovo\Desktop\RFID_RC522\USER\RFID.uvproj
Project File Date:  12/27/2017

<h2>Output:</h2>
*** Using Compiler 'V5.06 update 1 (build 61)', folder: 'E:\Keil_v5\ARM\ARMCC\Bin'
Build target 'RFID'
compiling stm32f10x_it.c...
compiling system_stm32f10x.c...
compiling main.c...
assembling startup_stm32f10x_hd.s...
compiling misc.c...
compiling core_cm3.c...
compiling stm32f10x_adc.c...
compiling stm32f10x_bkp.c...
compiling stm32f10x_can.c...
compiling stm32f10x_cec.c...
compiling stm32f10x_crc.c...
compiling stm32f10x_dac.c...
compiling stm32f10x_dbgmcu.c...
compiling stm32f10x_exti.c...
compiling stm32f10x_dma.c...
compiling stm32f10x_flash.c...
compiling stm32f10x_gpio.c...
compiling stm32f10x_fsmc.c...
compiling stm32f10x_i2c.c...
compiling stm32f10x_iwdg.c...
compiling stm32f10x_pwr.c...
compiling stm32f10x_rcc.c...
compiling stm32f10x_rtc.c...
compiling stm32f10x_sdio.c...
compiling stm32f10x_spi.c...
compiling stm32f10x_usart.c...
compiling stm32f10x_tim.c...
compiling stm32f10x_wwdg.c...
compiling sys.c...
compiling delay.c...
compiling usart.c...
compiling key.c...
compiling output.c...
compiling lcd.c...
compiling beep.c...
compiling rc522.c...
..\HARDWARE\RFID\rc522.c(250): warning:  #223-D: function "memcpy" declared implicitly
      memcpy(&ucComMF522Buf[2], pKey, 6); 
..\HARDWARE\RFID\rc522.c(242): warning:  #177-D: variable "i" was declared but never referenced
      u8   i,ucComMF522Buf[MAXRLEN]; 
..\HARDWARE\RFID\rc522.c(333): warning:  #550-D: variable "status" was set but never used
      u8   status;
..\HARDWARE\RFID\rc522.c: 3 warnings, 0 errors
linking...
Program Size: Code=20854 RO-data=3054 RW-data=112 ZI-data=1864  
FromELF: creating hex file...
"..\OBJ\RFID.axf" - 0 Error(s), 3 Warning(s).
Build Time Elapsed:  00:00:22
</pre>
</body>
</html>
